******************************************************************************
                  TI ARM Linker PC v20.2.7                     
******************************************************************************
>> Linked Thu Dec 19 21:50:16 2024

OUTPUT FILE NAME:   <CAN_ECU2.out>
ENTRY POINT SYMBOL: "_c_int00_noargs"  address: 000018c1


MEMORY CONFIGURATION

         name            origin    length      used     unused   attr    fill
----------------------  --------  ---------  --------  --------  ----  --------
  FLASH                 00000000   00040000  00001c9b  0003e365  R  X
  SRAM                  20000000   00008000  000005eb  00007a15  RW X


SEGMENT ALLOCATION MAP

run origin  load origin   length   init length attrs members
----------  ----------- ---------- ----------- ----- -------
00000000    00000000    00001ca0   00001ca0    r-x
  00000000    00000000    0000026c   0000026c    r-- .intvecs
  0000026c    0000026c    0000183a   0000183a    r-x .text
  00001aa8    00001aa8    0000011d   0000011d    r-- .const
  00001bc8    00001bc8    000000d8   000000d8    r-- .cinit
20000000    20000000    000005ef   00000000    rw-
  20000000    20000000    0000026c   00000000    rw- .vtable
  20000270    20000270    00000200   00000000    rw- .stack
  20000470    20000470    00000157   00000000    rw- .data
  200005c7    200005c7    00000028   00000000    rw- .bss


SECTION ALLOCATION MAP

 output                                  attributes/
section   page    origin      length       input sections
--------  ----  ----------  ----------   ----------------
.intvecs   0    00000000    0000026c     
                  00000000    0000026c     tm4c123gh6pm_startup_ccs.obj (.intvecs)

.text      0    0000026c    0000183a     
                  0000026c    00000480     CAN.obj (.text)
                  000006ec    000003cc     TASKS.obj (.text)
                  00000ab8    000001b8     gpio.obj (.text)
                  00000c70    0000016c     driverlib.lib : gpio.obj (.text:GPIOPadConfigSet)
                  00000ddc    00000148     OS.obj (.text)
                  00000f24    00000130     driverlib.lib : can.obj (.text:CANMessageSet)
                  00001054    00000118                   : sysctl.obj (.text:SysCtlClockGet)
                  0000116c    00000116                   : can.obj (.text:CANMessageGet)
                  00001282    00000002     --HOLE-- [fill = 0]
                  00001284    000000f4                   : sysctl.obj (.text:SysCtlClockSet)
                  00001378    000000d8     LED.obj (.text)
                  00001450    0000009c     rtsv7M4_T_le_v4SPD16_eabi.lib : memcpy_t2.asm.obj (.text)
                  000014ec    0000007a                                   : memset_t2.asm.obj (.text)
                  00001566    00000002     --HOLE-- [fill = 0]
                  00001568    00000070     kernel.obj (.text)
                  000015d8    0000006c     driverlib.lib : can.obj (.text:CANBitRateSet)
                  00001644    00000068     rtsv7M4_T_le_v4SPD16_eabi.lib : copy_decompress_lzss.c.obj (.text:decompress:lzss:__TI_decompress_lzss)
                  000016ac    00000064     dio.obj (.text)
                  00001710    0000004c     driverlib.lib : gpio.obj (.text:GPIOPinConfigure)
                  0000175c    00000044     SYSTICKS.obj (.text)
                  000017a0    00000044     rtsv7M4_T_le_v4SPD16_eabi.lib : autoinit.c.obj (.text:__TI_auto_init_nobinit_nopinit:__TI_auto_init_nobinit_nopinit)
                  000017e4    0000003a     driverlib.lib : can.obj (.text:CANInit)
                  0000181e    00000002     --HOLE-- [fill = 0]
                  00001820    00000038                   : sysctl.obj (.text:SysCtlPeripheralReady)
                  00001858    00000034                   : interrupt.obj (.text:IntRegister)
                  0000188c    00000034                   : sysctl.obj (.text:SysCtlPeripheralEnable)
                  000018c0    00000034     rtsv7M4_T_le_v4SPD16_eabi.lib : boot_cortex_m.c.obj (.text:_c_int00_noargs:_c_int00_noargs)
                  000018f4    0000002c     driverlib.lib : gpio.obj (.text:GPIODirModeSet)
                  00001920    0000002a                   : can.obj (.text:_CANDataRegRead)
                  0000194a    00000024                   : can.obj (.text:_CANDataRegWrite)
                  0000196e    00000002     --HOLE-- [fill = 0]
                  00001970    0000001c                   : systick.obj (.text:SysTickIntRegister)
                  0000198c    0000001c     rtsv7M4_T_le_v4SPD16_eabi.lib : copy_zero_init.c.obj (.text:decompress:ZI:__TI_zero_init_nomemset:__TI_zero_init_nomemset)
                  000019a8    0000001c     main.obj (.text)
                  000019c4    0000001a     driverlib.lib : gpio.obj (.text:GPIOPinTypeGPIOOutput)
                  000019de    00000016                   : gpio.obj (.text:GPIOPinTypeCAN)
                  000019f4    00000016                   : gpio.obj (.text:GPIOPinTypeGPIOInput)
                  00001a0a    00000002     --HOLE-- [fill = 0]
                  00001a0c    00000014                   : systick.obj (.text:SysTickEnable)
                  00001a20    00000014                   : systick.obj (.text:SysTickIntEnable)
                  00001a34    00000010                   : interrupt.obj (.text:IntMasterEnable)
                  00001a44    00000010                   : systick.obj (.text:SysTickPeriodSet)
                  00001a54    0000000e     rtsv7M4_T_le_v4SPD16_eabi.lib : copy_decompress_none.c.obj (.text:decompress:none:__TI_decompress_none)
                  00001a62    0000000c     driverlib.lib : cpu.obj (.text:CPUcpsie)
                  00001a6e    0000000c     tm4c123gh6pm_startup_ccs.obj (.text)
                  00001a7a    0000000a     driverlib.lib : can.obj (.text:CANEnable)
                  00001a84    00000008                   : can.obj (.text:CANIntEnable)
                  00001a8c    00000006                   : gpio.obj (.text:GPIOPinRead)
                  00001a92    00000006                   : gpio.obj (.text:GPIOPinWrite)
                  00001a98    00000006                   : sysctl.obj (.text:SysCtlDelay)
                  00001a9e    00000004     rtsv7M4_T_le_v4SPD16_eabi.lib : pre_init.c.obj (.text:_system_pre_init)
                  00001aa2    00000004                                   : exit.c.obj (.text:abort:abort)

.const     0    00001aa8    0000011d     
                  00001aa8    00000090     driverlib.lib : gpio.obj (.const:g_pui32GPIOBaseAddrs)
                  00001b38    0000006c                   : sysctl.obj (.const:g_pui32Xtals)
                  00001ba4    00000020                   : can.obj (.const:g_ui16CANBitValues)
                  00001bc4    00000001     OS_CONFIG.obj (.const)

.cinit     0    00001bc8    000000d8     
                  00001bc8    0000009d     (.cinit..data.load) [load image, compression = lzss]
                  00001c65    00000003     --HOLE-- [fill = 0]
                  00001c68    0000000c     (__TI_handler_table)
                  00001c74    00000004     --HOLE-- [fill = 0]
                  00001c78    00000008     (.cinit..bss.load) [load image, compression = zero_init]
                  00001c80    00000008     (.cinit..vtable.load) [load image, compression = zero_init]
                  00001c88    00000018     (__TI_cinit_table)

.init_array 
*          0    00000000    00000000     UNINITIALIZED

.vtable    0    20000000    0000026c     UNINITIALIZED
                  20000000    0000026c     driverlib.lib : interrupt.obj (.vtable)

.data      0    20000470    00000157     UNINITIALIZED
                  20000470    00000090     OS_CONFIG.obj (.data:taskList)
                  20000500    00000060     CAN_CONFIG.obj (.data:MessagObjects)
                  20000560    0000001c     TASKS.obj (.data)
                  2000057c    00000018     CAN_CONFIG.obj (.data:CAN_Modules)
                  20000594    00000018     gpioConfig.obj (.data:Parameters)
                  200005ac    00000008     OS.obj (.data)
                  200005b4    00000006     CAN_CONFIG.obj (.data:CAN_Errors)
                  200005ba    00000006     gpioConfig.obj (.data:INPUTS_PORTF)
                  200005c0    00000004     SYSTICKS.obj (.data)
                  200005c4    00000003     gpioConfig.obj (.data:OUTPUTS_PORTF)

.bss       0    200005c7    00000028     UNINITIALIZED
                  200005c7    00000020     (.common:Queue)
                  200005e7    00000008     (.common:received_data)

.stack     0    20000270    00000200     UNINITIALIZED
                  20000270    00000004     rtsv7M4_T_le_v4SPD16_eabi.lib : boot_cortex_m.c.obj (.stack)
                  20000274    000001fc     --HOLE--

__llvm_prf_cnts 
*          0    20000000    00000000     UNINITIALIZED

MODULE SUMMARY

       Module                         code   ro data   rw data
       ------                         ----   -------   -------
    .\
       tm4c123gh6pm_startup_ccs.obj   12     620       0      
    +--+------------------------------+------+---------+---------+
       Total:                         12     620       0      
                                                              
    .\APP\
       main.obj                       28     0         0      
    +--+------------------------------+------+---------+---------+
       Total:                         28     0         0      
                                                              
    .\APP\TASKS\
       TASKS.obj                      972    0         68     
    +--+------------------------------+------+---------+---------+
       Total:                         972    0         68     
                                                              
    .\HAL\LED\
       LED.obj                        216    0         0      
    +--+------------------------------+------+---------+---------+
       Total:                         216    0         0      
                                                              
    .\MCAL\CAN\
       CAN.obj                        1152   0         0      
       CAN_CONFIG.obj                 0      0         126    
    +--+------------------------------+------+---------+---------+
       Total:                         1152   0         126    
                                                              
    .\MCAL\DIO\
       dio.obj                        100    0         0      
    +--+------------------------------+------+---------+---------+
       Total:                         100    0         0      
                                                              
    .\MCAL\SYSTICK\
       SYSTICKS.obj                   68     0         4      
    +--+------------------------------+------+---------+---------+
       Total:                         68     0         4      
                                                              
    .\MCAL\gpio\
       gpio.obj                       440    0         0      
       gpioConfig.obj                 0      0         33     
    +--+------------------------------+------+---------+---------+
       Total:                         440    0         33     
                                                              
    .\OS\
       OS.obj                         328    0         8      
       OS_CONFIG.obj                  0      1         144    
    +--+------------------------------+------+---------+---------+
       Total:                         328    1         152    
                                                              
    .\OS\kernel\
       kernel.obj                     112    0         0      
    +--+------------------------------+------+---------+---------+
       Total:                         112    0         0      
                                                              
    C:/ti/TivaWare_C_Series-2.2.0.295/driverlib/ccs/Debug/driverlib.lib
       can.obj                        844    32        0      
       sysctl.obj                     638    108       0      
       gpio.obj                       566    144       0      
       interrupt.obj                  68     0         620    
       systick.obj                    84     0         0      
       cpu.obj                        12     0         0      
    +--+------------------------------+------+---------+---------+
       Total:                         2212   284       620    
                                                              
    C:\ti\ccs1281\ccs\tools\compiler\ti-cgt-arm_20.2.7.LTS\lib\rtsv7M4_T_le_v4SPD16_eabi.lib
       memcpy_t2.asm.obj              156    0         0      
       memset_t2.asm.obj              122    0         0      
       copy_decompress_lzss.c.obj     104    0         0      
       autoinit.c.obj                 68     0         0      
       boot_cortex_m.c.obj            52     0         0      
       copy_zero_init.c.obj           28     0         0      
       copy_decompress_none.c.obj     14     0         0      
       exit.c.obj                     4      0         0      
       pre_init.c.obj                 4      0         0      
    +--+------------------------------+------+---------+---------+
       Total:                         552    0         0      
                                                              
       Stack:                         0      0         512    
       Linker Generated:              0      209       0      
    +--+------------------------------+------+---------+---------+
       Grand Total:                   6192   1114      1515   


LINKER GENERATED COPY TABLES

__TI_cinit_table @ 00001c88 records: 3, size/record: 8, table size: 24
	.data: load addr=00001bc8, load size=0000009d bytes, run addr=20000470, run size=00000157 bytes, compression=lzss
	.bss: load addr=00001c78, load size=00000008 bytes, run addr=200005c7, run size=00000028 bytes, compression=zero_init
	.vtable: load addr=00001c80, load size=00000008 bytes, run addr=20000000, run size=0000026c bytes, compression=zero_init


LINKER GENERATED HANDLER TABLE

__TI_handler_table @ 00001c68 records: 3, size/record: 4, table size: 12
	index: 0, handler: __TI_zero_init
	index: 1, handler: __TI_decompress_lzss
	index: 2, handler: __TI_decompress_none


GLOBAL SYMBOLS: SORTED ALPHABETICALLY BY Name 

address   name                          
-------   ----                          
00001aa3  C$$EXIT                       
000015d9  CANBitRateSet                 
00001a7b  CANEnable                     
000017e5  CANInit                       
0000026d  CANInitialize                 
00001a85  CANIntEnable                  
0000116d  CANMessageGet                 
00000f25  CANMessageSet                 
000004e5  CANTransmit                   
200005b4  CAN_Errors                    
2000057c  CAN_Modules                   
00001a63  CPUcpsie                      
0000061d  CanReceiveMessage             
20000563  ClockwiseTask_SEMAPHORE       
20000564  CounterClockwiseTask_SEMAPHORE
000016ad  DIO_readPin                   
000016cf  DIO_writePin                  
000018f5  GPIODirModeSet                
00000c71  GPIOPadConfigSet              
00001711  GPIOPinConfigure              
00001a8d  GPIOPinRead                   
000019df  GPIOPinTypeCAN                
000019f5  GPIOPinTypeGPIOInput          
000019c5  GPIOPinTypeGPIOOutput         
00001a93  GPIOPinWrite                  
00000ab9  GPIO_init                     
200005ba  INPUTS_PORTF                  
20000565  InitialTask_SEMAPHORE         
00001a35  IntMasterEnable               
00001859  IntRegister                   
20000561  LED                           
00001401  LEDS_off                      
00001379  LED_blueLight                 
0000139b  LED_greenLight                
00001423  LED_read                      
000013bd  LED_redLight                  
000013df  LED_whiteLight                
20000500  MessagObjects                 
00001bc4  NUMBER_OF_tasks               
00000ddd  OS_Init                       
00000e15  OS_Run                        
200005c4  OUTPUTS_PORTF                 
20000594  Parameters                    
200005c7  Queue                         
00001a6f  ResetISR                      
20000562  SEND_DATA                     
20000560  STATE                         
200005c0  SYSTICK_Flag                  
00001767  SYSTICK_delayMSec             
00001055  SysCtlClockGet                
00001285  SysCtlClockSet                
00001a99  SysCtlDelay                   
0000188d  SysCtlPeripheralEnable        
00001821  SysCtlPeripheralReady         
00001a0d  SysTickEnable                 
00001a21  SysTickIntEnable              
00001971  SysTickIntRegister            
00001a45  SysTickPeriodSet              
0000175d  SysTick_Handler               
000007fb  TASK_CLOCKWISE                
000008e5  TASK_COUNTERCLOCKWISE         
00000a45  TASK_CanSend                  
000009d1  TASK_INITIAL                  
000006ed  TASK_INITS                    
00000a1f  TASK_Idle                     
00000745  TASK_RECEIVED_DATA_CHECK      
000006fd  TASK_ReceiveCAN               
20000568  TASK_TimerIdleDelay           
00000a61  TASK_errorCheck               
20000470  __STACK_END                   
00000200  __STACK_SIZE                  
20000470  __STACK_TOP                   
00001c88  __TI_CINIT_Base               
00001ca0  __TI_CINIT_Limit              
00001c68  __TI_Handler_Table_Base       
00001c74  __TI_Handler_Table_Limit      
000017a1  __TI_auto_init_nobinit_nopinit
00001645  __TI_decompress_lzss          
00001a55  __TI_decompress_none          
ffffffff  __TI_pprof_out_hndl           
ffffffff  __TI_prof_data_size           
ffffffff  __TI_prof_data_start          
00000000  __TI_static_base__            
0000198d  __TI_zero_init_nomemset       
000014ed  __aeabi_memclr                
000014ed  __aeabi_memclr4               
000014ed  __aeabi_memclr8               
00001451  __aeabi_memcpy                
00001451  __aeabi_memcpy4               
00001451  __aeabi_memcpy8               
000014ef  __aeabi_memset                
000014ef  __aeabi_memset4               
000014ef  __aeabi_memset8               
ffffffff  __binit__                     
ffffffff  __c_args__                    
UNDEFED   __mpu_init                    
20000270  __stack                       
20000000  __start___llvm_prf_cnts       
20000000  __stop___llvm_prf_cnts        
000018c1  _c_int00_noargs               
UNDEFED   _system_post_cinit            
00001a9f  _system_pre_init              
00001aa3  abort                         
ffffffff  binit                         
200005ac  g_OS_intTasksFlag             
20000000  g_pfnRAMVectors               
00000000  g_pfnVectors                  
00001569  kernel_split                  
000019a9  main                          
00001451  memcpy                        
000014f5  memset                        
200005e7  received_data                 
20000470  taskList                      


GLOBAL SYMBOLS: SORTED BY Symbol Address 

address   name                          
-------   ----                          
00000000  __TI_static_base__            
00000000  g_pfnVectors                  
00000200  __STACK_SIZE                  
0000026d  CANInitialize                 
000004e5  CANTransmit                   
0000061d  CanReceiveMessage             
000006ed  TASK_INITS                    
000006fd  TASK_ReceiveCAN               
00000745  TASK_RECEIVED_DATA_CHECK      
000007fb  TASK_CLOCKWISE                
000008e5  TASK_COUNTERCLOCKWISE         
000009d1  TASK_INITIAL                  
00000a1f  TASK_Idle                     
00000a45  TASK_CanSend                  
00000a61  TASK_errorCheck               
00000ab9  GPIO_init                     
00000c71  GPIOPadConfigSet              
00000ddd  OS_Init                       
00000e15  OS_Run                        
00000f25  CANMessageSet                 
00001055  SysCtlClockGet                
0000116d  CANMessageGet                 
00001285  SysCtlClockSet                
00001379  LED_blueLight                 
0000139b  LED_greenLight                
000013bd  LED_redLight                  
000013df  LED_whiteLight                
00001401  LEDS_off                      
00001423  LED_read                      
00001451  __aeabi_memcpy                
00001451  __aeabi_memcpy4               
00001451  __aeabi_memcpy8               
00001451  memcpy                        
000014ed  __aeabi_memclr                
000014ed  __aeabi_memclr4               
000014ed  __aeabi_memclr8               
000014ef  __aeabi_memset                
000014ef  __aeabi_memset4               
000014ef  __aeabi_memset8               
000014f5  memset                        
00001569  kernel_split                  
000015d9  CANBitRateSet                 
00001645  __TI_decompress_lzss          
000016ad  DIO_readPin                   
000016cf  DIO_writePin                  
00001711  GPIOPinConfigure              
0000175d  SysTick_Handler               
00001767  SYSTICK_delayMSec             
000017a1  __TI_auto_init_nobinit_nopinit
000017e5  CANInit                       
00001821  SysCtlPeripheralReady         
00001859  IntRegister                   
0000188d  SysCtlPeripheralEnable        
000018c1  _c_int00_noargs               
000018f5  GPIODirModeSet                
00001971  SysTickIntRegister            
0000198d  __TI_zero_init_nomemset       
000019a9  main                          
000019c5  GPIOPinTypeGPIOOutput         
000019df  GPIOPinTypeCAN                
000019f5  GPIOPinTypeGPIOInput          
00001a0d  SysTickEnable                 
00001a21  SysTickIntEnable              
00001a35  IntMasterEnable               
00001a45  SysTickPeriodSet              
00001a55  __TI_decompress_none          
00001a63  CPUcpsie                      
00001a6f  ResetISR                      
00001a7b  CANEnable                     
00001a85  CANIntEnable                  
00001a8d  GPIOPinRead                   
00001a93  GPIOPinWrite                  
00001a99  SysCtlDelay                   
00001a9f  _system_pre_init              
00001aa3  C$$EXIT                       
00001aa3  abort                         
00001bc4  NUMBER_OF_tasks               
00001c68  __TI_Handler_Table_Base       
00001c74  __TI_Handler_Table_Limit      
00001c88  __TI_CINIT_Base               
00001ca0  __TI_CINIT_Limit              
20000000  __start___llvm_prf_cnts       
20000000  __stop___llvm_prf_cnts        
20000000  g_pfnRAMVectors               
20000270  __stack                       
20000470  __STACK_END                   
20000470  __STACK_TOP                   
20000470  taskList                      
20000500  MessagObjects                 
20000560  STATE                         
20000561  LED                           
20000562  SEND_DATA                     
20000563  ClockwiseTask_SEMAPHORE       
20000564  CounterClockwiseTask_SEMAPHORE
20000565  InitialTask_SEMAPHORE         
20000568  TASK_TimerIdleDelay           
2000057c  CAN_Modules                   
20000594  Parameters                    
200005ac  g_OS_intTasksFlag             
200005b4  CAN_Errors                    
200005ba  INPUTS_PORTF                  
200005c0  SYSTICK_Flag                  
200005c4  OUTPUTS_PORTF                 
200005c7  Queue                         
200005e7  received_data                 
ffffffff  __TI_pprof_out_hndl           
ffffffff  __TI_prof_data_size           
ffffffff  __TI_prof_data_start          
ffffffff  __binit__                     
ffffffff  __c_args__                    
ffffffff  binit                         
UNDEFED   __mpu_init                    
UNDEFED   _system_post_cinit            

[113 symbols]
