******************************************************************************
                  TI ARM Linker PC v20.2.7                     
******************************************************************************
>> Linked Sat Dec 21 13:18:48 2024

OUTPUT FILE NAME:   <CAN_ECU2.out>
ENTRY POINT SYMBOL: "_c_int00_noargs"  address: 000018a9


MEMORY CONFIGURATION

         name            origin    length      used     unused   attr    fill
----------------------  --------  ---------  --------  --------  ----  --------
  FLASH                 00000000   00040000  00001c83  0003e37d  R  X
  SRAM                  20000000   00008000  000005eb  00007a15  RW X


SEGMENT ALLOCATION MAP

run origin  load origin   length   init length attrs members
----------  ----------- ---------- ----------- ----- -------
00000000    00000000    00001c88   00001c88    r-x
  00000000    00000000    0000026c   0000026c    r-- .intvecs
  0000026c    0000026c    00001822   00001822    r-x .text
  00001a90    00001a90    0000011d   0000011d    r-- .const
  00001bb0    00001bb0    000000d8   000000d8    r-- .cinit
20000000    20000000    000005ef   00000000    rw-
  20000000    20000000    0000026c   00000000    rw- .vtable
  20000270    20000270    00000200   00000000    rw- .stack
  20000470    20000470    00000157   00000000    rw- .data
  200005c7    200005c7    00000028   00000000    rw- .bss


SECTION ALLOCATION MAP

 output                                  attributes/
section   page    origin      length       input sections
--------  ----  ----------  ----------   ----------------
.intvecs   0    00000000    0000026c     
                  00000000    0000026c     tm4c123gh6pm_startup_ccs.obj (.intvecs)

.text      0    0000026c    00001822     
                  0000026c    00000480     CAN.obj (.text)
                  000006ec    000003cc     TASKS.obj (.text)
                  00000ab8    000001b8     gpio.obj (.text)
                  00000c70    000001a0     OS.obj (.text)
                  00000e10    0000016c     driverlib.lib : gpio.obj (.text:GPIOPadConfigSet)
                  00000f7c    00000130                   : can.obj (.text:CANMessageSet)
                  000010ac    00000118                   : sysctl.obj (.text:SysCtlClockGet)
                  000011c4    00000116                   : can.obj (.text:CANMessageGet)
                  000012da    00000002     --HOLE-- [fill = 0]
                  000012dc    000000f4                   : sysctl.obj (.text:SysCtlClockSet)
                  000013d0    000000d8     LED.obj (.text)
                  000014a8    0000009c     rtsv7M4_T_le_v4SPD16_eabi.lib : memcpy_t2.asm.obj (.text)
                  00001544    0000007a                                   : memset_t2.asm.obj (.text)
                  000015be    00000002     --HOLE-- [fill = 0]
                  000015c0    0000006c     driverlib.lib : can.obj (.text:CANBitRateSet)
                  0000162c    00000068     rtsv7M4_T_le_v4SPD16_eabi.lib : copy_decompress_lzss.c.obj (.text:decompress:lzss:__TI_decompress_lzss)
                  00001694    00000064     dio.obj (.text)
                  000016f8    0000004c     driverlib.lib : gpio.obj (.text:GPIOPinConfigure)
                  00001744    00000044     SYSTICKS.obj (.text)
                  00001788    00000044     rtsv7M4_T_le_v4SPD16_eabi.lib : autoinit.c.obj (.text:__TI_auto_init_nobinit_nopinit:__TI_auto_init_nobinit_nopinit)
                  000017cc    0000003a     driverlib.lib : can.obj (.text:CANInit)
                  00001806    00000002     --HOLE-- [fill = 0]
                  00001808    00000038                   : sysctl.obj (.text:SysCtlPeripheralReady)
                  00001840    00000034                   : interrupt.obj (.text:IntRegister)
                  00001874    00000034                   : sysctl.obj (.text:SysCtlPeripheralEnable)
                  000018a8    00000034     rtsv7M4_T_le_v4SPD16_eabi.lib : boot_cortex_m.c.obj (.text:_c_int00_noargs:_c_int00_noargs)
                  000018dc    0000002c     driverlib.lib : gpio.obj (.text:GPIODirModeSet)
                  00001908    0000002a                   : can.obj (.text:_CANDataRegRead)
                  00001932    00000024                   : can.obj (.text:_CANDataRegWrite)
                  00001956    00000002     --HOLE-- [fill = 0]
                  00001958    0000001c                   : systick.obj (.text:SysTickIntRegister)
                  00001974    0000001c     rtsv7M4_T_le_v4SPD16_eabi.lib : copy_zero_init.c.obj (.text:decompress:ZI:__TI_zero_init_nomemset:__TI_zero_init_nomemset)
                  00001990    0000001c     main.obj (.text)
                  000019ac    0000001a     driverlib.lib : gpio.obj (.text:GPIOPinTypeGPIOOutput)
                  000019c6    00000016                   : gpio.obj (.text:GPIOPinTypeCAN)
                  000019dc    00000016                   : gpio.obj (.text:GPIOPinTypeGPIOInput)
                  000019f2    00000002     --HOLE-- [fill = 0]
                  000019f4    00000014                   : systick.obj (.text:SysTickEnable)
                  00001a08    00000014                   : systick.obj (.text:SysTickIntEnable)
                  00001a1c    00000010                   : interrupt.obj (.text:IntMasterEnable)
                  00001a2c    00000010                   : systick.obj (.text:SysTickPeriodSet)
                  00001a3c    0000000e     rtsv7M4_T_le_v4SPD16_eabi.lib : copy_decompress_none.c.obj (.text:decompress:none:__TI_decompress_none)
                  00001a4a    0000000c     driverlib.lib : cpu.obj (.text:CPUcpsie)
                  00001a56    0000000c     tm4c123gh6pm_startup_ccs.obj (.text)
                  00001a62    0000000a     driverlib.lib : can.obj (.text:CANEnable)
                  00001a6c    00000008                   : can.obj (.text:CANIntEnable)
                  00001a74    00000006                   : gpio.obj (.text:GPIOPinRead)
                  00001a7a    00000006                   : gpio.obj (.text:GPIOPinWrite)
                  00001a80    00000006                   : sysctl.obj (.text:SysCtlDelay)
                  00001a86    00000004     rtsv7M4_T_le_v4SPD16_eabi.lib : pre_init.c.obj (.text:_system_pre_init)
                  00001a8a    00000004                                   : exit.c.obj (.text:abort:abort)

.const     0    00001a90    0000011d     
                  00001a90    00000090     driverlib.lib : gpio.obj (.const:g_pui32GPIOBaseAddrs)
                  00001b20    0000006c                   : sysctl.obj (.const:g_pui32Xtals)
                  00001b8c    00000020                   : can.obj (.const:g_ui16CANBitValues)
                  00001bac    00000001     OS_CONFIG.obj (.const)

.cinit     0    00001bb0    000000d8     
                  00001bb0    0000009d     (.cinit..data.load) [load image, compression = lzss]
                  00001c4d    00000003     --HOLE-- [fill = 0]
                  00001c50    0000000c     (__TI_handler_table)
                  00001c5c    00000004     --HOLE-- [fill = 0]
                  00001c60    00000008     (.cinit..bss.load) [load image, compression = zero_init]
                  00001c68    00000008     (.cinit..vtable.load) [load image, compression = zero_init]
                  00001c70    00000018     (__TI_cinit_table)

.init_array 
*          0    00000000    00000000     UNINITIALIZED

.vtable    0    20000000    0000026c     UNINITIALIZED
                  20000000    0000026c     driverlib.lib : interrupt.obj (.vtable)

.data      0    20000470    00000157     UNINITIALIZED
                  20000470    00000090     OS_CONFIG.obj (.data:taskList)
                  20000500    00000060     CAN_CONFIG.obj (.data:MessagObjects)
                  20000560    0000001c     TASKS.obj (.data)
                  2000057c    00000018     CAN_CONFIG.obj (.data:CAN_Modules)
                  20000594    00000018     gpioConfig.obj (.data:Parameters)
                  200005ac    00000008     OS.obj (.data)
                  200005b4    00000006     CAN_CONFIG.obj (.data:CAN_Errors)
                  200005ba    00000006     gpioConfig.obj (.data:INPUTS_PORTF)
                  200005c0    00000004     SYSTICKS.obj (.data)
                  200005c4    00000003     gpioConfig.obj (.data:OUTPUTS_PORTF)

.bss       0    200005c7    00000028     UNINITIALIZED
                  200005c7    00000020     (.common:Queue)
                  200005e7    00000008     (.common:received_data)

.stack     0    20000270    00000200     UNINITIALIZED
                  20000270    00000004     rtsv7M4_T_le_v4SPD16_eabi.lib : boot_cortex_m.c.obj (.stack)
                  20000274    000001fc     --HOLE--

__llvm_prf_cnts 
*          0    20000000    00000000     UNINITIALIZED

MODULE SUMMARY

       Module                         code   ro data   rw data
       ------                         ----   -------   -------
    .\
       tm4c123gh6pm_startup_ccs.obj   12     620       0      
    +--+------------------------------+------+---------+---------+
       Total:                         12     620       0      
                                                              
    .\APP\
       main.obj                       28     0         0      
    +--+------------------------------+------+---------+---------+
       Total:                         28     0         0      
                                                              
    .\APP\TASKS\
       TASKS.obj                      972    0         68     
    +--+------------------------------+------+---------+---------+
       Total:                         972    0         68     
                                                              
    .\HAL\LED\
       LED.obj                        216    0         0      
    +--+------------------------------+------+---------+---------+
       Total:                         216    0         0      
                                                              
    .\MCAL\CAN\
       CAN.obj                        1152   0         0      
       CAN_CONFIG.obj                 0      0         126    
    +--+------------------------------+------+---------+---------+
       Total:                         1152   0         126    
                                                              
    .\MCAL\DIO\
       dio.obj                        100    0         0      
    +--+------------------------------+------+---------+---------+
       Total:                         100    0         0      
                                                              
    .\MCAL\SYSTICK\
       SYSTICKS.obj                   68     0         4      
    +--+------------------------------+------+---------+---------+
       Total:                         68     0         4      
                                                              
    .\MCAL\gpio\
       gpio.obj                       440    0         0      
       gpioConfig.obj                 0      0         33     
    +--+------------------------------+------+---------+---------+
       Total:                         440    0         33     
                                                              
    .\OS\
       OS.obj                         416    0         8      
       OS_CONFIG.obj                  0      1         144    
    +--+------------------------------+------+---------+---------+
       Total:                         416    1         152    
                                                              
    C:/ti/TivaWare_C_Series-2.2.0.295/driverlib/ccs/Debug/driverlib.lib
       can.obj                        844    32        0      
       sysctl.obj                     638    108       0      
       gpio.obj                       566    144       0      
       interrupt.obj                  68     0         620    
       systick.obj                    84     0         0      
       cpu.obj                        12     0         0      
    +--+------------------------------+------+---------+---------+
       Total:                         2212   284       620    
                                                              
    C:\ti\ccs1281\ccs\tools\compiler\ti-cgt-arm_20.2.7.LTS\lib\rtsv7M4_T_le_v4SPD16_eabi.lib
       memcpy_t2.asm.obj              156    0         0      
       memset_t2.asm.obj              122    0         0      
       copy_decompress_lzss.c.obj     104    0         0      
       autoinit.c.obj                 68     0         0      
       boot_cortex_m.c.obj            52     0         0      
       copy_zero_init.c.obj           28     0         0      
       copy_decompress_none.c.obj     14     0         0      
       exit.c.obj                     4      0         0      
       pre_init.c.obj                 4      0         0      
    +--+------------------------------+------+---------+---------+
       Total:                         552    0         0      
                                                              
       Stack:                         0      0         512    
       Linker Generated:              0      209       0      
    +--+------------------------------+------+---------+---------+
       Grand Total:                   6168   1114      1515   


LINKER GENERATED COPY TABLES

__TI_cinit_table @ 00001c70 records: 3, size/record: 8, table size: 24
	.data: load addr=00001bb0, load size=0000009d bytes, run addr=20000470, run size=00000157 bytes, compression=lzss
	.bss: load addr=00001c60, load size=00000008 bytes, run addr=200005c7, run size=00000028 bytes, compression=zero_init
	.vtable: load addr=00001c68, load size=00000008 bytes, run addr=20000000, run size=0000026c bytes, compression=zero_init


LINKER GENERATED HANDLER TABLE

__TI_handler_table @ 00001c50 records: 3, size/record: 4, table size: 12
	index: 0, handler: __TI_zero_init
	index: 1, handler: __TI_decompress_lzss
	index: 2, handler: __TI_decompress_none


GLOBAL SYMBOLS: SORTED ALPHABETICALLY BY Name 

address   name                          
-------   ----                          
00001a8b  C$$EXIT                       
000015c1  CANBitRateSet                 
00001a63  CANEnable                     
000017cd  CANInit                       
0000026d  CANInitialize                 
00001a6d  CANIntEnable                  
000011c5  CANMessageGet                 
00000f7d  CANMessageSet                 
000004e5  CANTransmit                   
200005b4  CAN_Errors                    
2000057c  CAN_Modules                   
00001a4b  CPUcpsie                      
0000061d  CanReceiveMessage             
20000563  ClockwiseTask_SEMAPHORE       
20000564  CounterClockwiseTask_SEMAPHORE
00001695  DIO_readPin                   
000016b7  DIO_writePin                  
000018dd  GPIODirModeSet                
00000e11  GPIOPadConfigSet              
000016f9  GPIOPinConfigure              
00001a75  GPIOPinRead                   
000019c7  GPIOPinTypeCAN                
000019dd  GPIOPinTypeGPIOInput          
000019ad  GPIOPinTypeGPIOOutput         
00001a7b  GPIOPinWrite                  
00000ab9  GPIO_init                     
200005ba  INPUTS_PORTF                  
20000565  InitialTask_SEMAPHORE         
00001a1d  IntMasterEnable               
00001841  IntRegister                   
20000561  LED                           
00001459  LEDS_off                      
000013d1  LED_blueLight                 
000013f3  LED_greenLight                
0000147b  LED_read                      
00001415  LED_redLight                  
00001437  LED_whiteLight                
20000500  MessagObjects                 
00001bac  NUMBER_OF_tasks               
00000c71  OS_Init                       
00000ca9  OS_Run                        
200005c4  OUTPUTS_PORTF                 
20000594  Parameters                    
200005c7  Queue                         
00001a57  ResetISR                      
20000562  SEND_DATA                     
20000560  STATE                         
200005c0  SYSTICK_Flag                  
0000174f  SYSTICK_delayMSec             
000010ad  SysCtlClockGet                
000012dd  SysCtlClockSet                
00001a81  SysCtlDelay                   
00001875  SysCtlPeripheralEnable        
00001809  SysCtlPeripheralReady         
000019f5  SysTickEnable                 
00001a09  SysTickIntEnable              
00001959  SysTickIntRegister            
00001a2d  SysTickPeriodSet              
00001745  SysTick_Handler               
000007fb  TASK_CLOCKWISE                
000008e5  TASK_COUNTERCLOCKWISE         
00000a45  TASK_CanSend                  
000009d1  TASK_INITIAL                  
000006ed  TASK_INITS                    
00000a1f  TASK_Idle                     
00000745  TASK_RECEIVED_DATA_CHECK      
000006fd  TASK_ReceiveCAN               
20000568  TASK_TimerIdleDelay           
00000a61  TASK_errorCheck               
20000470  __STACK_END                   
00000200  __STACK_SIZE                  
20000470  __STACK_TOP                   
00001c70  __TI_CINIT_Base               
00001c88  __TI_CINIT_Limit              
00001c50  __TI_Handler_Table_Base       
00001c5c  __TI_Handler_Table_Limit      
00001789  __TI_auto_init_nobinit_nopinit
0000162d  __TI_decompress_lzss          
00001a3d  __TI_decompress_none          
ffffffff  __TI_pprof_out_hndl           
ffffffff  __TI_prof_data_size           
ffffffff  __TI_prof_data_start          
00000000  __TI_static_base__            
00001975  __TI_zero_init_nomemset       
00001545  __aeabi_memclr                
00001545  __aeabi_memclr4               
00001545  __aeabi_memclr8               
000014a9  __aeabi_memcpy                
000014a9  __aeabi_memcpy4               
000014a9  __aeabi_memcpy8               
00001547  __aeabi_memset                
00001547  __aeabi_memset4               
00001547  __aeabi_memset8               
ffffffff  __binit__                     
ffffffff  __c_args__                    
UNDEFED   __mpu_init                    
20000270  __stack                       
20000000  __start___llvm_prf_cnts       
20000000  __stop___llvm_prf_cnts        
000018a9  _c_int00_noargs               
UNDEFED   _system_post_cinit            
00001a87  _system_pre_init              
00001a8b  abort                         
ffffffff  binit                         
200005ac  g_OS_intTasksFlag             
20000000  g_pfnRAMVectors               
00000000  g_pfnVectors                  
00001991  main                          
000014a9  memcpy                        
0000154d  memset                        
200005e7  received_data                 
20000470  taskList                      


GLOBAL SYMBOLS: SORTED BY Symbol Address 

address   name                          
-------   ----                          
00000000  __TI_static_base__            
00000000  g_pfnVectors                  
00000200  __STACK_SIZE                  
0000026d  CANInitialize                 
000004e5  CANTransmit                   
0000061d  CanReceiveMessage             
000006ed  TASK_INITS                    
000006fd  TASK_ReceiveCAN               
00000745  TASK_RECEIVED_DATA_CHECK      
000007fb  TASK_CLOCKWISE                
000008e5  TASK_COUNTERCLOCKWISE         
000009d1  TASK_INITIAL                  
00000a1f  TASK_Idle                     
00000a45  TASK_CanSend                  
00000a61  TASK_errorCheck               
00000ab9  GPIO_init                     
00000c71  OS_Init                       
00000ca9  OS_Run                        
00000e11  GPIOPadConfigSet              
00000f7d  CANMessageSet                 
000010ad  SysCtlClockGet                
000011c5  CANMessageGet                 
000012dd  SysCtlClockSet                
000013d1  LED_blueLight                 
000013f3  LED_greenLight                
00001415  LED_redLight                  
00001437  LED_whiteLight                
00001459  LEDS_off                      
0000147b  LED_read                      
000014a9  __aeabi_memcpy                
000014a9  __aeabi_memcpy4               
000014a9  __aeabi_memcpy8               
000014a9  memcpy                        
00001545  __aeabi_memclr                
00001545  __aeabi_memclr4               
00001545  __aeabi_memclr8               
00001547  __aeabi_memset                
00001547  __aeabi_memset4               
00001547  __aeabi_memset8               
0000154d  memset                        
000015c1  CANBitRateSet                 
0000162d  __TI_decompress_lzss          
00001695  DIO_readPin                   
000016b7  DIO_writePin                  
000016f9  GPIOPinConfigure              
00001745  SysTick_Handler               
0000174f  SYSTICK_delayMSec             
00001789  __TI_auto_init_nobinit_nopinit
000017cd  CANInit                       
00001809  SysCtlPeripheralReady         
00001841  IntRegister                   
00001875  SysCtlPeripheralEnable        
000018a9  _c_int00_noargs               
000018dd  GPIODirModeSet                
00001959  SysTickIntRegister            
00001975  __TI_zero_init_nomemset       
00001991  main                          
000019ad  GPIOPinTypeGPIOOutput         
000019c7  GPIOPinTypeCAN                
000019dd  GPIOPinTypeGPIOInput          
000019f5  SysTickEnable                 
00001a09  SysTickIntEnable              
00001a1d  IntMasterEnable               
00001a2d  SysTickPeriodSet              
00001a3d  __TI_decompress_none          
00001a4b  CPUcpsie                      
00001a57  ResetISR                      
00001a63  CANEnable                     
00001a6d  CANIntEnable                  
00001a75  GPIOPinRead                   
00001a7b  GPIOPinWrite                  
00001a81  SysCtlDelay                   
00001a87  _system_pre_init              
00001a8b  C$$EXIT                       
00001a8b  abort                         
00001bac  NUMBER_OF_tasks               
00001c50  __TI_Handler_Table_Base       
00001c5c  __TI_Handler_Table_Limit      
00001c70  __TI_CINIT_Base               
00001c88  __TI_CINIT_Limit              
20000000  __start___llvm_prf_cnts       
20000000  __stop___llvm_prf_cnts        
20000000  g_pfnRAMVectors               
20000270  __stack                       
20000470  __STACK_END                   
20000470  __STACK_TOP                   
20000470  taskList                      
20000500  MessagObjects                 
20000560  STATE                         
20000561  LED                           
20000562  SEND_DATA                     
20000563  ClockwiseTask_SEMAPHORE       
20000564  CounterClockwiseTask_SEMAPHORE
20000565  InitialTask_SEMAPHORE         
20000568  TASK_TimerIdleDelay           
2000057c  CAN_Modules                   
20000594  Parameters                    
200005ac  g_OS_intTasksFlag             
200005b4  CAN_Errors                    
200005ba  INPUTS_PORTF                  
200005c0  SYSTICK_Flag                  
200005c4  OUTPUTS_PORTF                 
200005c7  Queue                         
200005e7  received_data                 
ffffffff  __TI_pprof_out_hndl           
ffffffff  __TI_prof_data_size           
ffffffff  __TI_prof_data_start          
ffffffff  __binit__                     
ffffffff  __c_args__                    
ffffffff  binit                         
UNDEFED   __mpu_init                    
UNDEFED   _system_post_cinit            

[112 symbols]
