******************************************************************************
                  TI ARM Linker PC v20.2.7                     
******************************************************************************
>> Linked Sat Dec 21 13:17:07 2024

OUTPUT FILE NAME:   <CAN_EECU1.out>
ENTRY POINT SYMBOL: "_c_int00_noargs"  address: 00001ca5


MEMORY CONFIGURATION

         name            origin    length      used     unused   attr    fill
----------------------  --------  ---------  --------  --------  ----  --------
  FLASH                 00000000   00040000  00002119  0003dee7  R  X
  SRAM                  20000000   00008000  000005b8  00007a48  RW X


SEGMENT ALLOCATION MAP

run origin  load origin   length   init length attrs members
----------  ----------- ---------- ----------- ----- -------
00000000    00000000    00002120   00002120    r-x
  00000000    00000000    0000026c   0000026c    r-- .intvecs
  0000026c    0000026c    00001cb0   00001cb0    r-x .text
  00001f1c    00001f1c    0000011d   0000011d    r-- .const
  00002040    00002040    000000e0   000000e0    r-- .cinit
20000000    20000000    000005bc   00000000    rw-
  20000000    20000000    0000026c   00000000    rw- .vtable
  20000270    20000270    00000200   00000000    rw- .stack
  20000470    20000470    00000144   00000000    rw- .data
  200005b4    200005b4    00000008   00000000    rw- .bss


SECTION ALLOCATION MAP

 output                                  attributes/
section   page    origin      length       input sections
--------  ----  ----------  ----------   ----------------
.intvecs   0    00000000    0000026c     
                  00000000    0000026c     tm4c123gh6pm_startup_ccs.obj (.intvecs)

.text      0    0000026c    00001cb0     
                  0000026c    000004a8     TASKS.obj (.text)
                  00000714    00000480     CAN.obj (.text)
                  00000b94    000002d8     UARTS.obj (.text)
                  00000e6c    000001b8     gpio.obj (.text)
                  00001024    000001a0     OS.obj (.text)
                  000011c4    0000016c     driverlib.lib : gpio.obj (.text:GPIOPadConfigSet)
                  00001330    00000130                   : can.obj (.text:CANMessageSet)
                  00001460    00000118                   : sysctl.obj (.text:SysCtlClockGet)
                  00001578    00000116                   : can.obj (.text:CANMessageGet)
                  0000168e    00000002     --HOLE-- [fill = 0]
                  00001690    000000f4                   : sysctl.obj (.text:SysCtlClockSet)
                  00001784    000000d8     LED.obj (.text)
                  0000185c    0000009c     rtsv7M4_T_le_v4SPD16_eabi.lib : memcpy_t2.asm.obj (.text)
                  000018f8    0000007a                                   : memset_t2.asm.obj (.text)
                  00001972    00000002     --HOLE-- [fill = 0]
                  00001974    0000006c     driverlib.lib : can.obj (.text:CANBitRateSet)
                  000019e0    00000068     rtsv7M4_T_le_v4SPD16_eabi.lib : copy_decompress_lzss.c.obj (.text:decompress:lzss:__TI_decompress_lzss)
                  00001a48    00000064     dio.obj (.text)
                  00001aac    0000004c     driverlib.lib : gpio.obj (.text:GPIOPinConfigure)
                  00001af8    00000046                   : uart.obj (.text:UARTConfigSetExpClk)
                  00001b3e    00000002     --HOLE-- [fill = 0]
                  00001b40    00000044     SYSTICKS.obj (.text)
                  00001b84    00000044     rtsv7M4_T_le_v4SPD16_eabi.lib : autoinit.c.obj (.text:__TI_auto_init_nobinit_nopinit:__TI_auto_init_nobinit_nopinit)
                  00001bc8    0000003a     driverlib.lib : can.obj (.text:CANInit)
                  00001c02    00000002     --HOLE-- [fill = 0]
                  00001c04    00000038                   : sysctl.obj (.text:SysCtlPeripheralReady)
                  00001c3c    00000034                   : interrupt.obj (.text:IntRegister)
                  00001c70    00000034                   : sysctl.obj (.text:SysCtlPeripheralEnable)
                  00001ca4    00000034     rtsv7M4_T_le_v4SPD16_eabi.lib : boot_cortex_m.c.obj (.text:_c_int00_noargs:_c_int00_noargs)
                  00001cd8    0000002c     driverlib.lib : gpio.obj (.text:GPIODirModeSet)
                  00001d04    0000002a     BTN.obj (.text)
                  00001d2e    0000002a     driverlib.lib : can.obj (.text:_CANDataRegRead)
                  00001d58    00000024                   : can.obj (.text:_CANDataRegWrite)
                  00001d7c    00000020                   : uart.obj (.text:UARTDisable)
                  00001d9c    0000001c                   : systick.obj (.text:SysTickIntRegister)
                  00001db8    0000001c     rtsv7M4_T_le_v4SPD16_eabi.lib : copy_zero_init.c.obj (.text:decompress:ZI:__TI_zero_init_nomemset:__TI_zero_init_nomemset)
                  00001dd4    0000001c     main.obj (.text)
                  00001df0    0000001a     driverlib.lib : gpio.obj (.text:GPIOPinTypeGPIOOutput)
                  00001e0a    00000016                   : gpio.obj (.text:GPIOPinTypeCAN)
                  00001e20    00000016                   : gpio.obj (.text:GPIOPinTypeGPIOInput)
                  00001e36    00000016                   : gpio.obj (.text:GPIOPinTypeUART)
                  00001e4c    00000014                   : systick.obj (.text:SysTickEnable)
                  00001e60    00000014                   : systick.obj (.text:SysTickIntEnable)
                  00001e74    00000014                   : uart.obj (.text:UARTEnable)
                  00001e88    00000010                   : interrupt.obj (.text:IntMasterEnable)
                  00001e98    00000010                   : systick.obj (.text:SysTickPeriodSet)
                  00001ea8    0000000e                   : uart.obj (.text:UARTCharsAvail)
                  00001eb6    0000000e     rtsv7M4_T_le_v4SPD16_eabi.lib : copy_decompress_none.c.obj (.text:decompress:none:__TI_decompress_none)
                  00001ec4    0000000c     driverlib.lib : cpu.obj (.text:CPUcpsie)
                  00001ed0    0000000c     tm4c123gh6pm_startup_ccs.obj (.text)
                  00001edc    0000000a     driverlib.lib : can.obj (.text:CANEnable)
                  00001ee6    0000000a                   : uart.obj (.text:UARTCharGet)
                  00001ef0    0000000a                   : uart.obj (.text:UARTCharPut)
                  00001efa    00000008                   : can.obj (.text:CANIntEnable)
                  00001f02    00000006                   : gpio.obj (.text:GPIOPinRead)
                  00001f08    00000006                   : gpio.obj (.text:GPIOPinWrite)
                  00001f0e    00000006                   : sysctl.obj (.text:SysCtlDelay)
                  00001f14    00000004     rtsv7M4_T_le_v4SPD16_eabi.lib : pre_init.c.obj (.text:_system_pre_init)
                  00001f18    00000004                                   : exit.c.obj (.text:abort:abort)

.const     0    00001f1c    0000011d     
                  00001f1c    00000090     driverlib.lib : gpio.obj (.const:g_pui32GPIOBaseAddrs)
                  00001fac    0000006c                   : sysctl.obj (.const:g_pui32Xtals)
                  00002018    00000020                   : can.obj (.const:g_ui16CANBitValues)
                  00002038    00000001     OS_CONFIG.obj (.const)

.cinit     0    00002040    000000e0     
                  00002040    000000a6     (.cinit..data.load) [load image, compression = lzss]
                  000020e6    00000002     --HOLE-- [fill = 0]
                  000020e8    0000000c     (__TI_handler_table)
                  000020f4    00000004     --HOLE-- [fill = 0]
                  000020f8    00000008     (.cinit..bss.load) [load image, compression = zero_init]
                  00002100    00000008     (.cinit..vtable.load) [load image, compression = zero_init]
                  00002108    00000018     (__TI_cinit_table)

.init_array 
*          0    00000000    00000000     UNINITIALIZED

.vtable    0    20000000    0000026c     UNINITIALIZED
                  20000000    0000026c     driverlib.lib : interrupt.obj (.vtable)

.data      0    20000470    00000144     UNINITIALIZED
                  20000470    00000070     OS_CONFIG.obj (.data:taskList)
                  200004e0    00000060     CAN_CONFIG.obj (.data:MessagObjects)
                  20000540    00000019     TASKS.obj (.data)
                  20000559    00000003     gpioConfig.obj (.data:OUTPUTS_PORTF)
                  2000055c    00000018     CAN_CONFIG.obj (.data:CAN_Modules)
                  20000574    00000018     gpioConfig.obj (.data:Parameters)
                  2000058c    0000000c     UARTS_CONFIG.obj (.data:UARTS_CONFIG_array)
                  20000598    00000008     OS.obj (.data)
                  200005a0    00000006     CAN_CONFIG.obj (.data:CAN_Errors)
                  200005a6    00000006     gpioConfig.obj (.data:INPUTS_PORTF)
                  200005ac    00000004     SYSTICKS.obj (.data)
                  200005b0    00000004     UARTS_CONFIG.obj (.data)

.bss       0    200005b4    00000008     UNINITIALIZED
                  200005b4    00000008     (.common:received_data)

.stack     0    20000270    00000200     UNINITIALIZED
                  20000270    00000004     rtsv7M4_T_le_v4SPD16_eabi.lib : boot_cortex_m.c.obj (.stack)
                  20000274    000001fc     --HOLE--

__llvm_prf_cnts 
*          0    20000000    00000000     UNINITIALIZED

MODULE SUMMARY

       Module                         code   ro data   rw data
       ------                         ----   -------   -------
    .\
       tm4c123gh6pm_startup_ccs.obj   12     620       0      
    +--+------------------------------+------+---------+---------+
       Total:                         12     620       0      
                                                              
    .\APP\
       main.obj                       28     0         0      
    +--+------------------------------+------+---------+---------+
       Total:                         28     0         0      
                                                              
    .\APP\TASKS\
       TASKS.obj                      1192   0         33     
    +--+------------------------------+------+---------+---------+
       Total:                         1192   0         33     
                                                              
    .\HAL\BTN\
       BTN.obj                        42     0         0      
    +--+------------------------------+------+---------+---------+
       Total:                         42     0         0      
                                                              
    .\HAL\LED\
       LED.obj                        216    0         0      
    +--+------------------------------+------+---------+---------+
       Total:                         216    0         0      
                                                              
    .\MCAL\CAN\
       CAN.obj                        1152   0         0      
       CAN_CONFIG.obj                 0      0         126    
    +--+------------------------------+------+---------+---------+
       Total:                         1152   0         126    
                                                              
    .\MCAL\DIO\
       dio.obj                        100    0         0      
    +--+------------------------------+------+---------+---------+
       Total:                         100    0         0      
                                                              
    .\MCAL\SYSTICK\
       SYSTICKS.obj                   68     0         4      
    +--+------------------------------+------+---------+---------+
       Total:                         68     0         4      
                                                              
    .\MCAL\UARTs\
       UARTS.obj                      728    0         0      
       UARTS_CONFIG.obj               0      0         16     
    +--+------------------------------+------+---------+---------+
       Total:                         728    0         16     
                                                              
    .\MCAL\gpio\
       gpio.obj                       440    0         0      
       gpioConfig.obj                 0      0         33     
    +--+------------------------------+------+---------+---------+
       Total:                         440    0         33     
                                                              
    .\OS\
       OS.obj                         416    0         8      
       OS_CONFIG.obj                  0      1         112    
    +--+------------------------------+------+---------+---------+
       Total:                         416    1         120    
                                                              
    C:/ti/TivaWare_C_Series-2.2.0.295/driverlib/ccs/Debug/driverlib.lib
       can.obj                        844    32        0      
       sysctl.obj                     638    108       0      
       gpio.obj                       588    144       0      
       interrupt.obj                  68     0         620    
       uart.obj                       156    0         0      
       systick.obj                    84     0         0      
       cpu.obj                        12     0         0      
    +--+------------------------------+------+---------+---------+
       Total:                         2390   284       620    
                                                              
    C:\ti\ccs1281\ccs\tools\compiler\ti-cgt-arm_20.2.7.LTS\lib\rtsv7M4_T_le_v4SPD16_eabi.lib
       memcpy_t2.asm.obj              156    0         0      
       memset_t2.asm.obj              122    0         0      
       copy_decompress_lzss.c.obj     104    0         0      
       autoinit.c.obj                 68     0         0      
       boot_cortex_m.c.obj            52     0         0      
       copy_zero_init.c.obj           28     0         0      
       copy_decompress_none.c.obj     14     0         0      
       exit.c.obj                     4      0         0      
       pre_init.c.obj                 4      0         0      
    +--+------------------------------+------+---------+---------+
       Total:                         552    0         0      
                                                              
       Stack:                         0      0         512    
       Linker Generated:              0      218       0      
    +--+------------------------------+------+---------+---------+
       Grand Total:                   7336   1123      1464   


LINKER GENERATED COPY TABLES

__TI_cinit_table @ 00002108 records: 3, size/record: 8, table size: 24
	.data: load addr=00002040, load size=000000a6 bytes, run addr=20000470, run size=00000144 bytes, compression=lzss
	.bss: load addr=000020f8, load size=00000008 bytes, run addr=200005b4, run size=00000008 bytes, compression=zero_init
	.vtable: load addr=00002100, load size=00000008 bytes, run addr=20000000, run size=0000026c bytes, compression=zero_init


LINKER GENERATED HANDLER TABLE

__TI_handler_table @ 000020e8 records: 3, size/record: 4, table size: 12
	index: 0, handler: __TI_zero_init
	index: 1, handler: __TI_decompress_lzss
	index: 2, handler: __TI_decompress_none


GLOBAL SYMBOLS: SORTED ALPHABETICALLY BY Name 

address   name                          
-------   ----                          
00001d05  BTN_read                      
00001f19  C$$EXIT                       
00001975  CANBitRateSet                 
00001edd  CANEnable                     
00001bc9  CANInit                       
00000715  CANInitialize                 
00001efb  CANIntEnable                  
00001579  CANMessageGet                 
00001331  CANMessageSet                 
0000098d  CANTransmit                   
200005a0  CAN_Errors                    
2000055c  CAN_Modules                   
00001ec5  CPUcpsie                      
00000ac5  CanReceiveMessage             
00001a49  DIO_readPin                   
00001a6b  DIO_writePin                  
00001cd9  GPIODirModeSet                
000011c5  GPIOPadConfigSet              
00001aad  GPIOPinConfigure              
00001f03  GPIOPinRead                   
00001e0b  GPIOPinTypeCAN                
00001e21  GPIOPinTypeGPIOInput          
00001df1  GPIOPinTypeGPIOOutput         
00001e37  GPIOPinTypeUART               
00001f09  GPIOPinWrite                  
00000e6d  GPIO_init                     
200005a6  INPUTS_PORTF                  
00001e89  IntMasterEnable               
00001c3d  IntRegister                   
20000541  LED                           
0000180d  LEDS_off                      
00001785  LED_blueLight                 
000017a7  LED_greenLight                
0000182f  LED_read                      
000017c9  LED_redLight                  
000017eb  LED_whiteLight                
200004e0  MessagObjects                 
00002038  NUMBER_OF_tasks               
00001025  OS_Init                       
0000105d  OS_Run                        
20000559  OUTPUTS_PORTF                 
20000574  Parameters                    
20000544  Receive_state                 
00001ed1  ResetISR                      
20000540  STATE                         
200005ac  SYSTICK_Flag                  
00001b4b  SYSTICK_delayMSec             
00001461  SysCtlClockGet                
00001691  SysCtlClockSet                
00001f0f  SysCtlDelay                   
00001c71  SysCtlPeripheralEnable        
00001c05  SysCtlPeripheralReady         
00001e4d  SysTickEnable                 
00001e61  SysTickIntEnable              
00001d9d  SysTickIntRegister            
00001e99  SysTickPeriodSet              
00001b41  SysTick_Handler               
00000291  TASK_BTN_READ                 
0000026d  TASK_INITS                    
00000499  TASK_ReceiveCAN               
00000471  TASK_SendCAN                  
20000543  TASK_TimerIdleDelay           
00000375  TASK_UARTSEND                 
00000561  TASK_blinkRedLED              
000004c1  TASK_errorCheck               
00001ee7  UARTCharGet                   
00001ef1  UARTCharPut                   
00001ea9  UARTCharsAvail                
00001af9  UARTConfigSetExpClk           
00001d7d  UARTDisable                   
00001e75  UARTEnable                    
2000058c  UARTS_CONFIG_array            
200005b0  UARTS_CONFIG_numUarts         
20000542  UART_FLAG_SEND                
00000bf9  UART_config                   
00000bc5  UART_receiveByte              
00000b95  UART_sendString               
20000470  __STACK_END                   
00000200  __STACK_SIZE                  
20000470  __STACK_TOP                   
00002108  __TI_CINIT_Base               
00002120  __TI_CINIT_Limit              
000020e8  __TI_Handler_Table_Base       
000020f4  __TI_Handler_Table_Limit      
00001b85  __TI_auto_init_nobinit_nopinit
000019e1  __TI_decompress_lzss          
00001eb7  __TI_decompress_none          
ffffffff  __TI_pprof_out_hndl           
ffffffff  __TI_prof_data_size           
ffffffff  __TI_prof_data_start          
00000000  __TI_static_base__            
00001db9  __TI_zero_init_nomemset       
000018f9  __aeabi_memclr                
000018f9  __aeabi_memclr4               
000018f9  __aeabi_memclr8               
0000185d  __aeabi_memcpy                
0000185d  __aeabi_memcpy4               
0000185d  __aeabi_memcpy8               
000018fb  __aeabi_memset                
000018fb  __aeabi_memset4               
000018fb  __aeabi_memset8               
ffffffff  __binit__                     
ffffffff  __c_args__                    
UNDEFED   __mpu_init                    
20000270  __stack                       
20000000  __start___llvm_prf_cnts       
20000000  __stop___llvm_prf_cnts        
00001ca5  _c_int00_noargs               
UNDEFED   _system_post_cinit            
00001f15  _system_pre_init              
00001f19  abort                         
ffffffff  binit                         
00000d87  configure_all_uarts           
20000598  g_OS_intTasksFlag             
20000000  g_pfnRAMVectors               
00000000  g_pfnVectors                  
00001dd5  main                          
0000185d  memcpy                        
00001901  memset                        
200005b4  received_data                 
20000470  taskList                      


GLOBAL SYMBOLS: SORTED BY Symbol Address 

address   name                          
-------   ----                          
00000000  __TI_static_base__            
00000000  g_pfnVectors                  
00000200  __STACK_SIZE                  
0000026d  TASK_INITS                    
00000291  TASK_BTN_READ                 
00000375  TASK_UARTSEND                 
00000471  TASK_SendCAN                  
00000499  TASK_ReceiveCAN               
000004c1  TASK_errorCheck               
00000561  TASK_blinkRedLED              
00000715  CANInitialize                 
0000098d  CANTransmit                   
00000ac5  CanReceiveMessage             
00000b95  UART_sendString               
00000bc5  UART_receiveByte              
00000bf9  UART_config                   
00000d87  configure_all_uarts           
00000e6d  GPIO_init                     
00001025  OS_Init                       
0000105d  OS_Run                        
000011c5  GPIOPadConfigSet              
00001331  CANMessageSet                 
00001461  SysCtlClockGet                
00001579  CANMessageGet                 
00001691  SysCtlClockSet                
00001785  LED_blueLight                 
000017a7  LED_greenLight                
000017c9  LED_redLight                  
000017eb  LED_whiteLight                
0000180d  LEDS_off                      
0000182f  LED_read                      
0000185d  __aeabi_memcpy                
0000185d  __aeabi_memcpy4               
0000185d  __aeabi_memcpy8               
0000185d  memcpy                        
000018f9  __aeabi_memclr                
000018f9  __aeabi_memclr4               
000018f9  __aeabi_memclr8               
000018fb  __aeabi_memset                
000018fb  __aeabi_memset4               
000018fb  __aeabi_memset8               
00001901  memset                        
00001975  CANBitRateSet                 
000019e1  __TI_decompress_lzss          
00001a49  DIO_readPin                   
00001a6b  DIO_writePin                  
00001aad  GPIOPinConfigure              
00001af9  UARTConfigSetExpClk           
00001b41  SysTick_Handler               
00001b4b  SYSTICK_delayMSec             
00001b85  __TI_auto_init_nobinit_nopinit
00001bc9  CANInit                       
00001c05  SysCtlPeripheralReady         
00001c3d  IntRegister                   
00001c71  SysCtlPeripheralEnable        
00001ca5  _c_int00_noargs               
00001cd9  GPIODirModeSet                
00001d05  BTN_read                      
00001d7d  UARTDisable                   
00001d9d  SysTickIntRegister            
00001db9  __TI_zero_init_nomemset       
00001dd5  main                          
00001df1  GPIOPinTypeGPIOOutput         
00001e0b  GPIOPinTypeCAN                
00001e21  GPIOPinTypeGPIOInput          
00001e37  GPIOPinTypeUART               
00001e4d  SysTickEnable                 
00001e61  SysTickIntEnable              
00001e75  UARTEnable                    
00001e89  IntMasterEnable               
00001e99  SysTickPeriodSet              
00001ea9  UARTCharsAvail                
00001eb7  __TI_decompress_none          
00001ec5  CPUcpsie                      
00001ed1  ResetISR                      
00001edd  CANEnable                     
00001ee7  UARTCharGet                   
00001ef1  UARTCharPut                   
00001efb  CANIntEnable                  
00001f03  GPIOPinRead                   
00001f09  GPIOPinWrite                  
00001f0f  SysCtlDelay                   
00001f15  _system_pre_init              
00001f19  C$$EXIT                       
00001f19  abort                         
00002038  NUMBER_OF_tasks               
000020e8  __TI_Handler_Table_Base       
000020f4  __TI_Handler_Table_Limit      
00002108  __TI_CINIT_Base               
00002120  __TI_CINIT_Limit              
20000000  __start___llvm_prf_cnts       
20000000  __stop___llvm_prf_cnts        
20000000  g_pfnRAMVectors               
20000270  __stack                       
20000470  __STACK_END                   
20000470  __STACK_TOP                   
20000470  taskList                      
200004e0  MessagObjects                 
20000540  STATE                         
20000541  LED                           
20000542  UART_FLAG_SEND                
20000543  TASK_TimerIdleDelay           
20000544  Receive_state                 
20000559  OUTPUTS_PORTF                 
2000055c  CAN_Modules                   
20000574  Parameters                    
2000058c  UARTS_CONFIG_array            
20000598  g_OS_intTasksFlag             
200005a0  CAN_Errors                    
200005a6  INPUTS_PORTF                  
200005ac  SYSTICK_Flag                  
200005b0  UARTS_CONFIG_numUarts         
200005b4  received_data                 
ffffffff  __TI_pprof_out_hndl           
ffffffff  __TI_prof_data_size           
ffffffff  __TI_prof_data_start          
ffffffff  __binit__                     
ffffffff  __c_args__                    
ffffffff  binit                         
UNDEFED   __mpu_init                    
UNDEFED   _system_post_cinit            

[121 symbols]
